<form action="" method="post" class="ajax" id="myForm">

		<input type="hidden" name="id" value="" title="Hello" size="10">


		<br>

		 <input type="hidden" name="id" value="" title="Hello" size="10">

		<label for="frm-username">Username:</label>
		<input type="text" name="username" size="10" class="control-class" id="frm-username" data-nette-error title="Hello">
		error

		<br>

		<label for="frm-username" title="hello"> <input type="text" name="username" size="10" class="control-class" id="frm-username" data-nette-error title="Hello"> </label>
		error
		<label for="frm-select"></label>
		<select name="select" size="10" id="frm-select" title="Hello"><option value="m">male</option><option value="f">female</option></select>


		<br>

		<label for="frm-select" title="hello"> <select name="select" size="10" id="frm-select" title="Hello"><option value="m">male</option><option value="f">female</option></select> </label>

		<label for="frm-area"></label>
		<textarea name="area" id="frm-area" title="Hello" size="10">one&lt;two</textarea>


		<br>

		<label for="frm-area" title="hello"> <textarea name="area" id="frm-area" title="Hello" size="10">one&lt;two</textarea> </label>


		<input type="submit" name="send" value="Sign in" title="Hello" size="10">


		<br>

		 <input type="submit" name="send" value="Sign in" title="Hello" size="10">


	<label for="frm-username">Username:</label>

	<LABEL for="frm-username" title=hello>Name</LABEL>
	<input value=val type class="hello" name="username" id="frm-username" data-nette-error>

	<label for="frm-username"></label>
	<label for="frm-username">Username:</label>
	<input type="text" name="username" class="control-class" id="frm-username" data-nette-error>

	<label>My</label><input name=My>
</form>



<form action="" method="post" class="form-class"><input type="hidden" name="id" value=""></form>


<form action="" method="post" class="form-class">
	<label for="frm-sex-m"> <input type="radio" name="sex" id="frm-sex-m" value="m"> male</label>
	<label for="frm-sex-m" title=hello> <input type="radio" name="sex" id="frm-sex-m" value="m"> </label>
	<label for="frm-sex-m" title=hello>male</label>
	<label for="frm-sex-f"> <input type="radio" name="sex" id="frm-sex-f" value="f"> female</label>
	<label for="frm-sex-f" title=hello> <input type="radio" name="sex" id="frm-sex-f" value="f"> </label>
	<label for="frm-sex-f" title=hello>female</label>
<label></label>
<label>Sex:</label>
<label title="hello">Sex:</label>
<input type="radio" name="sex" id="frm-sex-f" value="f">


<label for="frm-checkbox"> <input type="checkbox" name="checkbox" id="frm-checkbox"> Label</label>
<label for="frm-checkbox" title=hello> <input type="checkbox" name="checkbox" id="frm-checkbox"> </label>
<label for="frm-checkbox" title=hello> <input type="checkbox" name="checkbox" id="frm-checkbox"> </label>
<label for="frm-checkbox">Checkbox</label>
<label for="frm-checkbox" title=hello>Checkbox</label>


	<label for="frm-checklist-m"> <input type="checkbox" name="checklist[]" id="frm-checklist-m" value="m"> male</label>
	<label for="frm-checklist-m"> <input type="checkbox" name="checklist[]" id="frm-checklist-m" value="m" title=hello> </label>
	<label for="frm-checklist-m">male</label>
	<label for="frm-checklist-f"> <input type="checkbox" name="checklist[]" id="frm-checklist-f" value="f"> female</label>
	<label for="frm-checklist-f"> <input type="checkbox" name="checklist[]" id="frm-checklist-f" value="f" title=hello> </label>
	<label for="frm-checklist-f">female</label>
<label></label>
<label>CheckboxList:</label>
<label title="hello">CheckboxList:</label>


<form action="" method="post" id="myForm" class="ajax">
	<input type="text" name="username" class="control-class" id="frm-username" data-nette-error>
<input type="hidden" name="id" value=""></form>


<form action="" method="post" class="nclass">
	<input type="text" name="username" id="frm-username" data-nette-error class="nclass">
<input type="hidden" name="id" value=""></form>


<FORM action="" method="post" class="form-class">
	<input type="text" name="username" class="control-class" id="frm-username" data-nette-error>
<input type="hidden" name="id" value=""></FORM>


<select name="select" id="frm-select"><option value="m">male</option><option value="f">female</option></select>


<textarea name="area" id="frm-area" title="10">one&lt;two</textarea>


<select name="select" id="frm-select"><option value="m">male</option><option value="f">female</option></select>
</form>
