<form action="" method="get"><input type="hidden" name="arg" value="val"><!--[if IE]><input type=IEbug disabled style="display:none"><![endif]-->
</form>


<form action="" method="get">
<input type="hidden" name="arg" value="val"><!--[if IE]><input type=IEbug disabled style="display:none"><![endif]-->
</form>
