<form action="" method="post">
	<button type="submit" name="send" value="Sign in">
		description of button
	</button>

	<button type="submit" name="send" value="Sign in"></button>

	<button type="submit" name="send" value="Sign in">Sign in</button>
%A%
</form>
